cc1plus: 致命错误：2.cpp：没有那个文件或目录
编译中断。
